------------------------------------------------------------
Timing Analyzer Summary
------------------------------------------------------------

Type  : Slow 1200mV 85C Model Setup 'm_rs_flipflop:u1|q~1'
Slack : -0.185
TNS   : -0.481

Type  : Slow 1200mV 85C Model Hold 'm_rs_flipflop:u1|q~1'
Slack : 0.347
TNS   : 0.000

Type  : Slow 1200mV 85C Model Minimum Pulse Width 'm_rs_flipflop:u1|q~1'
Slack : -1.403
TNS   : -5.612

Type  : Slow 1200mV 0C Model Setup 'm_rs_flipflop:u1|q~1'
Slack : -0.081
TNS   : -0.176

Type  : Slow 1200mV 0C Model Hold 'm_rs_flipflop:u1|q~1'
Slack : 0.311
TNS   : 0.000

Type  : Slow 1200mV 0C Model Minimum Pulse Width 'm_rs_flipflop:u1|q~1'
Slack : -1.403
TNS   : -5.612

Type  : Fast 1200mV 0C Model Setup 'm_rs_flipflop:u1|q~1'
Slack : 0.489
TNS   : 0.000

Type  : Fast 1200mV 0C Model Hold 'm_rs_flipflop:u1|q~1'
Slack : 0.151
TNS   : 0.000

Type  : Fast 1200mV 0C Model Minimum Pulse Width 'm_rs_flipflop:u1|q~1'
Slack : -1.000
TNS   : -4.000

------------------------------------------------------------
