------------------------------------------------------------
Timing Analyzer Summary
------------------------------------------------------------

Type  : Slow 1200mV 85C Model Setup 'm_rs_flipflop:u1|q~1'
Slack : 0.298
TNS   : 0.000

Type  : Slow 1200mV 85C Model Hold 'm_rs_flipflop:u1|q~1'
Slack : 0.393
TNS   : 0.000

Type  : Slow 1200mV 85C Model Minimum Pulse Width 'm_rs_flipflop:u1|q~1'
Slack : -1.403
TNS   : -1.403

Type  : Slow 1200mV 0C Model Setup 'm_rs_flipflop:u1|q~1'
Slack : 0.362
TNS   : 0.000

Type  : Slow 1200mV 0C Model Hold 'm_rs_flipflop:u1|q~1'
Slack : 0.355
TNS   : 0.000

Type  : Slow 1200mV 0C Model Minimum Pulse Width 'm_rs_flipflop:u1|q~1'
Slack : -1.403
TNS   : -1.403

Type  : Fast 1200mV 0C Model Setup 'm_rs_flipflop:u1|q~1'
Slack : 0.694
TNS   : 0.000

Type  : Fast 1200mV 0C Model Hold 'm_rs_flipflop:u1|q~1'
Slack : 0.170
TNS   : 0.000

Type  : Fast 1200mV 0C Model Minimum Pulse Width 'm_rs_flipflop:u1|q~1'
Slack : -1.000
TNS   : -1.000

------------------------------------------------------------
