------------------------------------------------------------
Timing Analyzer Summary
------------------------------------------------------------

Type  : Slow 1200mV 85C Model Setup 'CLK1'
Slack : -4.013
TNS   : -58.513

Type  : Slow 1200mV 85C Model Setup 'm_10ms_clk:u2|r10ms'
Slack : -2.790
TNS   : -22.320

Type  : Slow 1200mV 85C Model Hold 'CLK1'
Slack : 0.363
TNS   : 0.000

Type  : Slow 1200mV 85C Model Hold 'm_10ms_clk:u2|r10ms'
Slack : 0.669
TNS   : 0.000

Type  : Slow 1200mV 85C Model Minimum Pulse Width 'CLK1'
Slack : -3.000
TNS   : -53.508

Type  : Slow 1200mV 85C Model Minimum Pulse Width 'm_10ms_clk:u2|r10ms'
Slack : -1.403
TNS   : -11.224

Type  : Slow 1200mV 85C Model Minimum Pulse Width 'm_chattering:u0|cnt[15]'
Slack : -1.403
TNS   : -1.403

Type  : Slow 1200mV 85C Model Minimum Pulse Width 'm_chattering:u1|cnt[15]'
Slack : -1.403
TNS   : -1.403

Type  : Slow 1200mV 0C Model Setup 'CLK1'
Slack : -3.631
TNS   : -49.849

Type  : Slow 1200mV 0C Model Setup 'm_10ms_clk:u2|r10ms'
Slack : -2.480
TNS   : -19.840

Type  : Slow 1200mV 0C Model Hold 'CLK1'
Slack : 0.328
TNS   : 0.000

Type  : Slow 1200mV 0C Model Hold 'm_10ms_clk:u2|r10ms'
Slack : 0.619
TNS   : 0.000

Type  : Slow 1200mV 0C Model Minimum Pulse Width 'CLK1'
Slack : -3.000
TNS   : -53.508

Type  : Slow 1200mV 0C Model Minimum Pulse Width 'm_10ms_clk:u2|r10ms'
Slack : -1.403
TNS   : -11.224

Type  : Slow 1200mV 0C Model Minimum Pulse Width 'm_chattering:u0|cnt[15]'
Slack : -1.403
TNS   : -1.403

Type  : Slow 1200mV 0C Model Minimum Pulse Width 'm_chattering:u1|cnt[15]'
Slack : -1.403
TNS   : -1.403

Type  : Fast 1200mV 0C Model Setup 'CLK1'
Slack : -1.254
TNS   : -7.412

Type  : Fast 1200mV 0C Model Setup 'm_10ms_clk:u2|r10ms'
Slack : -0.630
TNS   : -5.040

Type  : Fast 1200mV 0C Model Hold 'CLK1'
Slack : 0.156
TNS   : 0.000

Type  : Fast 1200mV 0C Model Hold 'm_10ms_clk:u2|r10ms'
Slack : 0.261
TNS   : 0.000

Type  : Fast 1200mV 0C Model Minimum Pulse Width 'CLK1'
Slack : -3.000
TNS   : -40.224

Type  : Fast 1200mV 0C Model Minimum Pulse Width 'm_10ms_clk:u2|r10ms'
Slack : -1.000
TNS   : -8.000

Type  : Fast 1200mV 0C Model Minimum Pulse Width 'm_chattering:u0|cnt[15]'
Slack : -1.000
TNS   : -1.000

Type  : Fast 1200mV 0C Model Minimum Pulse Width 'm_chattering:u1|cnt[15]'
Slack : -1.000
TNS   : -1.000

------------------------------------------------------------
